ERROR:2026-04-02 23:50:30,613:jax._src.xla_bridge:477: Jax plugin configuration error: Exception when calling jax_plugins.xla_cuda13.initialize()
Traceback (most recent call last):
  File "/opt/jax/jax/_src/xla_bridge.py", line 475, in discover_pjrt_plugins
    plugin_module.initialize()
  File "/opt/jaxlibs/jax_cuda13_pjrt/jax_plugins/xla_cuda13/__init__.py", line 328, in initialize
    _check_cuda_versions(raise_on_first_error=True)
  File "/opt/jaxlibs/jax_cuda13_pjrt/jax_plugins/xla_cuda13/__init__.py", line 285, in _check_cuda_versions
    local_device_count = cuda_versions.cuda_device_count()
                         ^^^^^^^^^^^^^^^^^^^^^^^^^^^^^^^^^
RuntimeError: jaxlib/cuda/versions_helpers.cc:113: operation cuInit(0) failed: CUDA_ERROR_NO_DEVICE
ERROR:2026-04-02 23:50:30,613:jax._src.xla_bridge:477: Jax plugin configuration error: Exception when calling jax_plugins.xla_cuda13.initialize()
Traceback (most recent call last):
  File "/opt/jax/jax/_src/xla_bridge.py", line 475, in discover_pjrt_plugins
    plugin_module.initialize()
  File "/opt/jaxlibs/jax_cuda13_pjrt/jax_plugins/xla_cuda13/__init__.py", line 328, in initialize
    _check_cuda_versions(raise_on_first_error=True)
  File "/opt/jaxlibs/jax_cuda13_pjrt/jax_plugins/xla_cuda13/__init__.py", line 285, in _check_cuda_versions
    local_device_count = cuda_versions.cuda_device_count()
                         ^^^^^^^^^^^^^^^^^^^^^^^^^^^^^^^^^
RuntimeError: jaxlib/cuda/versions_helpers.cc:113: operation cuInit(0) failed: CUDA_ERROR_NO_DEVICE
ERROR:2026-04-02 23:50:30,613:jax._src.xla_bridge:477: Jax plugin configuration error: Exception when calling jax_plugins.xla_cuda13.initialize()
Traceback (most recent call last):
  File "/opt/jax/jax/_src/xla_bridge.py", line 475, in discover_pjrt_plugins
    plugin_module.initialize()
  File "/opt/jaxlibs/jax_cuda13_pjrt/jax_plugins/xla_cuda13/__init__.py", line 328, in initialize
    _check_cuda_versions(raise_on_first_error=True)
  File "/opt/jaxlibs/jax_cuda13_pjrt/jax_plugins/xla_cuda13/__init__.py", line 285, in _check_cuda_versions
    local_device_count = cuda_versions.cuda_device_count()
                         ^^^^^^^^^^^^^^^^^^^^^^^^^^^^^^^^^
RuntimeError: jaxlib/cuda/versions_helpers.cc:113: operation cuInit(0) failed: CUDA_ERROR_NO_DEVICE
ERROR:2026-04-02 23:50:30,613:jax._src.xla_bridge:477: Jax plugin configuration error: Exception when calling jax_plugins.xla_cuda13.initialize()
Traceback (most recent call last):
  File "/opt/jax/jax/_src/xla_bridge.py", line 475, in discover_pjrt_plugins
    plugin_module.initialize()
  File "/opt/jaxlibs/jax_cuda13_pjrt/jax_plugins/xla_cuda13/__init__.py", line 328, in initialize
    _check_cuda_versions(raise_on_first_error=True)
  File "/opt/jaxlibs/jax_cuda13_pjrt/jax_plugins/xla_cuda13/__init__.py", line 285, in _check_cuda_versions
    local_device_count = cuda_versions.cuda_device_count()
                         ^^^^^^^^^^^^^^^^^^^^^^^^^^^^^^^^^
RuntimeError: jaxlib/cuda/versions_helpers.cc:113: operation cuInit(0) failed: CUDA_ERROR_NO_DEVICE
ERROR:2026-04-02 23:50:30,613:jax._src.xla_bridge:477: Jax plugin configuration error: Exception when calling jax_plugins.xla_cuda13.initialize()
Traceback (most recent call last):
  File "/opt/jax/jax/_src/xla_bridge.py", line 475, in discover_pjrt_plugins
    plugin_module.initialize()
  File "/opt/jaxlibs/jax_cuda13_pjrt/jax_plugins/xla_cuda13/__init__.py", line 328, in initialize
    _check_cuda_versions(raise_on_first_error=True)
  File "/opt/jaxlibs/jax_cuda13_pjrt/jax_plugins/xla_cuda13/__init__.py", line 285, in _check_cuda_versions
    local_device_count = cuda_versions.cuda_device_count()
                         ^^^^^^^^^^^^^^^^^^^^^^^^^^^^^^^^^
RuntimeError: jaxlib/cuda/versions_helpers.cc:113: operation cuInit(0) failed: CUDA_ERROR_NO_DEVICE
ERROR:2026-04-02 23:50:30,613:jax._src.xla_bridge:477: Jax plugin configuration error: Exception when calling jax_plugins.xla_cuda13.initialize()
Traceback (most recent call last):
  File "/opt/jax/jax/_src/xla_bridge.py", line 475, in discover_pjrt_plugins
    plugin_module.initialize()
  File "/opt/jaxlibs/jax_cuda13_pjrt/jax_plugins/xla_cuda13/__init__.py", line 328, in initialize
    _check_cuda_versions(raise_on_first_error=True)
  File "/opt/jaxlibs/jax_cuda13_pjrt/jax_plugins/xla_cuda13/__init__.py", line 285, in _check_cuda_versions
    local_device_count = cuda_versions.cuda_device_count()
                         ^^^^^^^^^^^^^^^^^^^^^^^^^^^^^^^^^
RuntimeError: jaxlib/cuda/versions_helpers.cc:113: operation cuInit(0) failed: CUDA_ERROR_NO_DEVICE
ERROR:2026-04-02 23:50:30,622:jax._src.xla_bridge:477: Jax plugin configuration error: Exception when calling jax_plugins.xla_cuda13.initialize()
Traceback (most recent call last):
  File "/opt/jax/jax/_src/xla_bridge.py", line 475, in discover_pjrt_plugins
    plugin_module.initialize()
  File "/opt/jaxlibs/jax_cuda13_pjrt/jax_plugins/xla_cuda13/__init__.py", line 328, in initialize
    _check_cuda_versions(raise_on_first_error=True)
  File "/opt/jaxlibs/jax_cuda13_pjrt/jax_plugins/xla_cuda13/__init__.py", line 285, in _check_cuda_versions
    local_device_count = cuda_versions.cuda_device_count()
                         ^^^^^^^^^^^^^^^^^^^^^^^^^^^^^^^^^
RuntimeError: jaxlib/cuda/versions_helpers.cc:113: operation cuInit(0) failed: CUDA_ERROR_NO_DEVICE
ERROR:2026-04-02 23:50:30,624:jax._src.xla_bridge:477: Jax plugin configuration error: Exception when calling jax_plugins.xla_cuda13.initialize()
Traceback (most recent call last):
  File "/opt/jax/jax/_src/xla_bridge.py", line 475, in discover_pjrt_plugins
    plugin_module.initialize()
  File "/opt/jaxlibs/jax_cuda13_pjrt/jax_plugins/xla_cuda13/__init__.py", line 328, in initialize
    _check_cuda_versions(raise_on_first_error=True)
  File "/opt/jaxlibs/jax_cuda13_pjrt/jax_plugins/xla_cuda13/__init__.py", line 285, in _check_cuda_versions
    local_device_count = cuda_versions.cuda_device_count()
                         ^^^^^^^^^^^^^^^^^^^^^^^^^^^^^^^^^
RuntimeError: jaxlib/cuda/versions_helpers.cc:113: operation cuInit(0) failed: CUDA_ERROR_NO_DEVICE
